// Jest Snapshot v1, https://goo.gl/fbAQLP

exports[`LedBackendIot has no diff 1`] = `
Object {
  "Resources": Object {
    "LBIIotPolicy46AE9730": Object {
      "Properties": Object {
        "PolicyDocument": Object {
          "Statement": Array [
            Object {
              "Action": "iot:Connect",
              "Effect": "Allow",
              "Resource": Object {
                "Fn::Join": Array [
                  "",
                  Array [
                    "arn:aws:iot:undefined:",
                    Object {
                      "Ref": "AWS::AccountId",
                    },
                    ":client/\${iot:Connection.Thing.ThingName}",
                  ],
                ],
              },
            },
            Object {
              "Action": Array [
                "iot:Publish",
                "iot:Receive",
              ],
              "Effect": "Allow",
              "Resource": Object {
                "Fn::Join": Array [
                  "",
                  Array [
                    "arn:aws:iot:undefined:",
                    Object {
                      "Ref": "AWS::AccountId",
                    },
                    ":topic/$aws/things/\${iot:Connection.Thing.ThingName}/shadow/*",
                  ],
                ],
              },
            },
            Object {
              "Action": "iot:Subscribe",
              "Effect": "Allow",
              "Resource": Object {
                "Fn::Join": Array [
                  "",
                  Array [
                    "arn:aws:iot:undefined:",
                    Object {
                      "Ref": "AWS::AccountId",
                    },
                    ":topicfilter/$aws/things/\${iot:Connection.Thing.ThingName}/shadow/*",
                  ],
                ],
              },
            },
          ],
          "Version": "2012-10-17",
        },
        "PolicyName": "PubSubShadowPolicy",
      },
      "Type": "AWS::IoT::Policy",
    },
  },
}
`;
